
# =========================
# AUTH
# =========================
AUTH_TOKEN_MISSING
AUTH_TOKEN_INVALID
AUTH_TOKEN_EXPIRED
AUTH_LOGIN_FAILED
AUTH_USER_NOT_FOUND
AUTH_EMAIL_ALREADY_EXISTS
AUTH_PASSWORD_INCORRECT
AUTH_UNAUTHORIZED
AUTH_FORBIDDEN
AUTH_ROLE_REQUIRED
AUTH_ROLE_INVALID
AUTH_MODE_REQUIRED
AUTH_MODE_INVALID
AUTH_PROVIDER_INVALID
AUTH_ACCOUNT_DISABLED
AUTH_CONFIGURATION_INVALID

# =========================
# AUTHORIZATION
# =========================
PERMISSION_DENIED
ADMIN_REQUIRED
OWNER_REQUIRED
OWNER_MISMATCH
RESOURCE_ACCESS_DENIED

# =========================
# CRUD
# =========================
CRUD_MODEL_REQUIRED
CRUD_MODEL_NOT_FOUND
CRUD_HANDLER_REQUIRED
CRUD_HANDLER_NOT_FOUND
CRUD_ITEM_NOT_FOUND
CRUD_ITEM_ALREADY_EXISTS
CRUD_CREATE_FAILED
CRUD_READ_FAILED
CRUD_UPDATE_FAILED
CRUD_DELETE_FAILED
CRUD_BULK_NOT_ALLOWED
CRUD_OWNER_FIELD_REQUIRED
CRUD_AUTHROLE_NOT_FOUND
CRUD_INVALIDT_AUTHROLE
CRUD_ERROR

# =========================
# COLLECTION
# =========================
COLLECTION_REQUIRED
COLLECTION_ROUTE_NAME_REQUIRED
COLLECTION_MODEL_NAME_REQUIRED
COLLECTION_REQUEST_TYPE_REQUIRED
COLLECTION_REQUEST_TYPE_INVALID
COLLECTION_ROUTES_REQUIRED
COLLECTION_MONGOOSE_SCHEMA_REQUIRED
COLLECTION_VALIDATIONS_REQUIRED

# =========================
# ROUTES
# =========================
ROUTE_METHOD_REQUIRED
ROUTE_METHOD_INVALID
ROUTE_PATH_REQUIRED
ROUTE_PATH_INVALID
ROUTE_HANDLER_REQUIRED
ROUTE_HANDLER_INVALID
ROUTE_DUPLICATE
ROUTE_AUTH_ROLE_REQUIRED
ROUTE_AUTH_ROLE_INVALID
ROUTE_VALIDATION_KEY_REQUIRED
ROUTE_VALIDATION_KEY_INVALID

# =========================
# VALIDATION
# =========================
VALIDATION_FAILED
VALIDATION_KEY_REQUIRED
VALIDATION_KEY_NOT_FOUND
VALIDATION_SCHEMA_REQUIRED
VALIDATION_REQUIRED_FIELD_MISSING
VALIDATION_INVALID_TYPE
VALIDATION_INVALID_VALUE

# =========================
# MONGOOSE SCHEMA
# =========================
SCHEMA_REQUIRED
SCHEMA_FIELD_REQUIRED
SCHEMA_FIELD_INVALID
SCHEMA_FIELD_DUPLICATE
SCHEMA_MODEL_ALREADY_EXISTS
SCHEMA_OWNER_REQUIRED
SCHEMA_IMAGE_METADATA_REQUIRED

# =========================
# DATABASE
# =========================
DATABASE_CONNECTION_FAILED
DATABASE_QUERY_FAILED
DATABASE_DUPLICATE_KEY
DATABASE_INVALID_ID
DATABASE_SAVE_FAILED
DATABASE_UPDATE_FAILED
DATABASE_DELETE_FAILED

# =========================
# UPLOAD
# =========================
UPLOAD_REQUIRED
UPLOAD_ARRAY_REQUIRED
UPLOAD_FIELD_REQUIRED
UPLOAD_FIELD_NOT_FOUND
UPLOAD_PROVIDER_REQUIRED
UPLOAD_PROVIDER_NOT_SUPPORTED
UPLOAD_TYPE_REQUIRED
UPLOAD_TYPE_INVALID
UPLOAD_FILE_REQUIRED
UPLOAD_FILE_NOT_FOUND
UPLOAD_TOO_LARGE
UPLOAD_TOO_MANY_FILES
UPLOAD_INVALID_IMAGE
UPLOAD_INVALID_FILE
UPLOAD_FAILED
UPLOAD_UPDATE_FAILED
UPLOAD_DELETE_FAILED
UPLOAD_CLOUDINARY_FAILED
UPLOAD_LOCAL_STORAGE_FAILED

# =========================
# EMAIL
# =========================
EMAIL_REQUIRED
EMAIL_SEND_FAILED
EMAIL_TEMPLATE_NOT_FOUND
EMAIL_INVALID_RECIPIENT
EMAIL_INVALID_SUBJECT
EMAIL_INVALID_BODY
EMAIL_CONFIGURATION_INVALID

# =========================
# FRAMEWORK
# =========================
FRAMEWORK_NOT_INITIALIZED
FRAMEWORK_CONFIGURATION_INVALID
FRAMEWORK_FEATURE_NOT_IMPLEMENTED
FRAMEWORK_INTERNAL_ERROR
FRAMEWORK_UNKNOWN_ERROR

# =========================
# GENERAL
# =========================
RESOURCE_NOT_FOUND
RESOURCE_ALREADY_EXISTS
INVALID_REQUEST
INVALID_CONFIGURATION
INVALID_PARAMETER
MISSING_PARAMETER
MISSING_ENVIRONMENT_VARIABLE
UNSUPPORTED_OPERATION
NOT_IMPLEMENTED
UNKNOWN_ERROR
CLOUDINARY_CONFIGURATION_INVALID